// Jest Snapshot v1, https://goo.gl/fbAQLP

exports[`Component:TableWrapper.jsx TableWrapper.jsx renders correctly 1`] = `
<div
  className="tablePadding-0-2-1"
>
  <div
    className="root-0-2-2"
  >
    <h3
      className="headerText-0-2-4"
    >
      
    </h3>
    <div
      className="stopId-0-2-3"
    >
      <div
        className="stopIdText-0-2-5"
      />
      <p
        className="stopText-0-2-6"
      >
        0
      </p>
    </div>
  </div>
  <div
    className="tableContainer-0-2-7"
  >
    <table
      className="root-0-2-8"
    >
      <tbody>
        <tr
          className="tableRow-0-2-14"
        >
          <td
            className="tableTd-0-2-23"
          >
            <div
              className="stackedRoot-0-2-20"
            >
              <label
                className="label-0-2-21"
                htmlFor="route_short_name"
              />
              <p
                className="tableCellText-0-2-22"
                id="route_short_name"
              >
                Blue
              </p>
            </div>
            <div
              className="stackedRoot-0-2-20"
            >
              <label
                className="label-0-2-21"
                htmlFor="description"
              />
              <p
                className="tableCellText-0-2-22"
                id="description"
              >
                to Mpls-Target Field
              </p>
            </div>
            <div
              className="stackedRoot-0-2-20"
            >
              <label
                className="label-0-2-21"
                htmlFor="departure_text"
              />
              <p
                className="tableCellText-0-2-22"
                id="departure_text"
              >
                <div
                  className="root-0-2-24"
                >
                  <svg
                    className="blinker-0-2-25"
                    data-testid="broadcast-svg"
                  >
                    broadcast.svg
                  </svg>
                  <div>
                    Due
                  </div>
                </div>
              </p>
            </div>
          </td>
        </tr>
        <tr
          className="tableRow-0-2-14"
        >
          <td
            className="tableTd-0-2-23"
          >
            <div
              className="stackedRoot-0-2-20"
            >
              <label
                className="label-0-2-21"
                htmlFor="route_short_name"
              />
              <p
                className="tableCellText-0-2-22"
                id="route_short_name"
              >
                Blue
              </p>
            </div>
            <div
              className="stackedRoot-0-2-20"
            >
              <label
                className="label-0-2-21"
                htmlFor="description"
              />
              <p
                className="tableCellText-0-2-22"
                id="description"
              >
                to Mall of America
              </p>
            </div>
            <div
              className="stackedRoot-0-2-20"
            >
              <label
                className="label-0-2-21"
                htmlFor="departure_text"
              />
              <p
                className="tableCellText-0-2-22"
                id="departure_text"
              >
                <div
                  className="root-0-2-24"
                >
                  <svg
                    className="blinker-0-2-25"
                    data-testid="broadcast-svg"
                  >
                    broadcast.svg
                  </svg>
                  <div>
                    7 Min
                  </div>
                </div>
              </p>
            </div>
          </td>
        </tr>
      </tbody>
    </table>
  </div>
</div>
`;
