// Jest Snapshot v1, https://goo.gl/fbAQLP

exports[`Component:SearchOptions.jsx SearchOptions.jsx renders correctly 1`] = `
<nav
  className="root-0-2-1"
>
  <a
    className="linkButtonRoot-0-2-2 undefined"
    data-testid="custom-anchor-"
    href="/byRoute"
    onClick={[Function]}
    to={null}
  >
    
  </a>
  <a
    className="linkButtonRoot-0-2-2 undefined"
    data-testid="custom-anchor-"
    href="/byStop"
    onClick={[Function]}
    to={null}
  >
    
  </a>
</nav>
`;
