// Jest Snapshot v1, https://goo.gl/fbAQLP

exports[`Component:Table.jsx Table.jsx renders correctly 1`] = `
Array [
  <div
    className="tableContainer-0-2-1"
  >
    <table
      className="root-0-2-2"
    >
      <tbody>
        <tr
          className="tableRow-0-2-8"
        >
          <td
            className="tableTd-0-2-17"
          >
            <div
              className="stackedRoot-0-2-14"
            >
              <label
                className="label-0-2-15"
                htmlFor="route_short_name"
              />
              <p
                className="tableCellText-0-2-16"
                id="route_short_name"
              >
                Blue
              </p>
            </div>
            <div
              className="stackedRoot-0-2-14"
            >
              <label
                className="label-0-2-15"
                htmlFor="description"
              />
              <p
                className="tableCellText-0-2-16"
                id="description"
              >
                to Mpls-Target Field
              </p>
            </div>
            <div
              className="stackedRoot-0-2-14"
            >
              <label
                className="label-0-2-15"
                htmlFor="departure_text"
              />
              <p
                className="tableCellText-0-2-16"
                id="departure_text"
              >
                Due
              </p>
            </div>
          </td>
        </tr>
        <tr
          className="tableRow-0-2-8"
        >
          <td
            className="tableTd-0-2-17"
          >
            <div
              className="stackedRoot-0-2-14"
            >
              <label
                className="label-0-2-15"
                htmlFor="route_short_name"
              />
              <p
                className="tableCellText-0-2-16"
                id="route_short_name"
              >
                Blue
              </p>
            </div>
            <div
              className="stackedRoot-0-2-14"
            >
              <label
                className="label-0-2-15"
                htmlFor="description"
              />
              <p
                className="tableCellText-0-2-16"
                id="description"
              >
                to Mall of America
              </p>
            </div>
            <div
              className="stackedRoot-0-2-14"
            >
              <label
                className="label-0-2-15"
                htmlFor="departure_text"
              />
              <p
                className="tableCellText-0-2-16"
                id="departure_text"
              >
                7 Min
              </p>
            </div>
          </td>
        </tr>
      </tbody>
    </table>
  </div>,
  ",",
]
`;
